---
title: ubuntu挂载新增的磁盘
categories:
  - ubuntu
tags:
  - 磁盘
  - ubuntu
  - 开机挂载
---

# ubuntu挂载新增的磁盘

### 一，查看磁盘

`sudo fdisk -l  # 查看新增的的磁盘`

```shell
ubuntu@VM-0-9-ubuntu:~$ sudo fdisk -l
Disk /dev/vda: 50 GiB, 53687091200 bytes, 104857600 sectors
Units: sectors of 1 * 512 = 512 bytes
Sector size (logical/physical): 512 bytes / 512 bytes
I/O size (minimum/optimal): 512 bytes / 512 bytes
Disklabel type: dos
Disk identifier: 0x3fa1d255

Device     Boot Start       End   Sectors Size Id Type
/dev/vda1  *     2048 104857566 104855519  50G 83 Linux
```

假设我们新挂载的磁盘名字叫 ==/dev/vdb== (根据结果相应修改)

### 二，对磁盘进行分区，格式化

```shell
sudo fdisk /dev/vdb
#按提示操作 p打印  n新增 d 删除 w操作生效 q退出
#操作后 w

sudo partprobe  # 强制让内核重新找一次分区表（更新分区表）
#这里我们新增一个分区 /dev/vdb1  大小为40GB

# 分区格式化
sudo mkfs -t ext4 /dev/vdb1  # 格式化为ext4格式
```

### 三，将新硬盘临时挂载在一个目录下

```shell
cd /mnt/

mkdir home

mount /dev/vdb1 /mnt/home  # 挂载到/mnt/home

df -h  # 查看

cp -a /home/* /mnt/home/  # 把home下的东西拷到挂载的目录下，备份

rm -rf /home/* # 把home下的东西删干净

umount /dev/vdb1  # 卸载硬盘

df -h  # 查看
```

### 四，设置开机挂载

```shell
sudo vi /etc/fstab

# 末尾增加一行
/dev/vdb1  /home  ext4  defaults  1  2

#保存退出

df -h  # 查看 /home是否被挂载

mount -a  # 挂载/etc/fstab 中未挂载的分区

df -h  # 查看

Filesystem            Size  Used Avail Use% Mounted on
LABEL=cec-rootfs       16G  1.9G   13G  13% /
tmpfs                 1.9G     0  1.9G   0% /dev/shm
/dev/vda1             194M   28M  157M  15% /boot
/dev/vdb1              40G  176M   38G   1% /home

#发现成功挂载
```

